<?xml version="1.0" encoding="UTF-8"?>
<TestRun id="30b79e09-fa02-4314-a255-ec1681fa9a4c" name="PFROZI@PFROZI-PC 2013-11-14 22:49:48" runUser="PFROZI-PC\PFROZI" xmlns="http://microsoft.com/schemas/VisualStudio/TeamTest/2010">
  <TestSettings name="Default Test Settings" id="44ce13d8-b536-4fe6-a3a0-efaa400d9541">
    <Deployment runDeploymentRoot="PFROZI_PFROZI-PC 2013-11-14 22_49_48">
      <DeploymentItem filename="C:\Users\PFROZI\documents\visual studio 2010\Projects\troca-figurinhas-web\packages\EntityFramework.4.1.10331.0\lib\EntityFramework.dll" />
      <DeploymentItem filename="C:\Users\PFROZI\documents\visual studio 2010\Projects\troca-figurinhas-web\troca-figurinhas-web\bin\TrocaFigurinhas.dll" />
    </Deployment>
    <Execution>
      <TestTypeSpecific />
      <AgentRule name="Execution Agents">
      </AgentRule>
    </Execution>
  </TestSettings>
  <Times creation="2013-11-14T22:49:48.1718159-02:00" queuing="2013-11-14T22:49:56.5312941-02:00" start="2013-11-14T22:49:57.1723307-02:00" finish="2013-11-14T22:52:38.6335658-02:00" />
  <ResultSummary outcome="Error">
    <Counters total="3" executed="2" passed="1" error="0" failed="0" timeout="0" aborted="1" inconclusive="0" passedButRunAborted="0" notRunnable="0" notExecuted="1" disconnected="0" warning="0" completed="0" inProgress="0" pending="0" />
    <RunInfos>
      <RunInfo computerName="PFROZI-PC" outcome="Error" timestamp="2013-11-14T22:52:38.6115645-02:00">
        <Text>Test host process exited unexpectedly.</Text>
      </RunInfo>
    </RunInfos>
  </ResultSummary>
  <TestDefinitions>
    <UnitTest name="TestMethod1" storage="c:\users\pfrozi\documents\visual studio 2010\projects\troca-figurinhas-web\troca-figurinhas-web.tests\bin\debug\troca-figurinhas-web.tests.dll" id="8ccc8e44-7f4f-3e44-c273-57f7ee6f033f">
      <Execution id="044721c1-117d-47b3-827a-c684e99e61ec" />
      <TestMethod codeBase="C:/Users/PFROZI/documents/visual studio 2010/Projects/troca-figurinhas-web/troca-figurinhas-web.Tests/bin/Debug/troca-figurinhas-web.Tests.DLL" adapterTypeName="Microsoft.VisualStudio.TestTools.TestTypes.Unit.UnitTestAdapter, Microsoft.VisualStudio.QualityTools.Tips.UnitTest.Adapter, Version=10.0.0.0, Culture=neutral, PublicKeyToken=b03f5f7f11d50a3a" className="TrocaFigurinhas.Tests.Business.UnitTest1, troca-figurinhas-web.Tests, Version=1.0.0.0, Culture=neutral, PublicKeyToken=null" name="TestMethod1" />
    </UnitTest>
    <UnitTest name="About" storage="c:\users\pfrozi\documents\visual studio 2010\projects\troca-figurinhas-web\troca-figurinhas-web.tests\bin\debug\troca-figurinhas-web.tests.dll" id="3bad39d9-1b60-7934-ef0b-2e1cfc98195b">
      <Execution id="3cd95bb7-0531-43f7-8403-23c495f2552a" />
      <TestMethod codeBase="C:/Users/PFROZI/documents/visual studio 2010/Projects/troca-figurinhas-web/troca-figurinhas-web.Tests/bin/Debug/troca-figurinhas-web.Tests.DLL" adapterTypeName="Microsoft.VisualStudio.TestTools.TestTypes.Unit.UnitTestAdapter, Microsoft.VisualStudio.QualityTools.Tips.UnitTest.Adapter, Version=10.0.0.0, Culture=neutral, PublicKeyToken=b03f5f7f11d50a3a" className="TrocaFigurinhas.Tests.Controllers.HomeControllerTest, troca-figurinhas-web.Tests, Version=1.0.0.0, Culture=neutral, PublicKeyToken=null" name="About" />
    </UnitTest>
    <UnitTest name="Index" storage="c:\users\pfrozi\documents\visual studio 2010\projects\troca-figurinhas-web\troca-figurinhas-web.tests\bin\debug\troca-figurinhas-web.tests.dll" id="dec980b0-c26e-48d8-b474-c2e3c25f5791">
      <Execution id="0294621d-7909-4f94-a4ba-97c30d69e756" />
      <TestMethod codeBase="C:/Users/PFROZI/documents/visual studio 2010/Projects/troca-figurinhas-web/troca-figurinhas-web.Tests/bin/Debug/troca-figurinhas-web.Tests.DLL" adapterTypeName="Microsoft.VisualStudio.TestTools.TestTypes.Unit.UnitTestAdapter, Microsoft.VisualStudio.QualityTools.Tips.UnitTest.Adapter, Version=10.0.0.0, Culture=neutral, PublicKeyToken=b03f5f7f11d50a3a" className="TrocaFigurinhas.Tests.Controllers.HomeControllerTest, troca-figurinhas-web.Tests, Version=1.0.0.0, Culture=neutral, PublicKeyToken=null" name="Index" />
    </UnitTest>
  </TestDefinitions>
  <TestLists>
    <TestList name="Results Not in a List" id="8c84fa94-04c1-424b-9868-57a2d4851a1d" />
    <TestList name="All Loaded Results" id="19431567-8539-422a-85d7-44ee4e166bda" />
  </TestLists>
  <TestEntries>
    <TestEntry testId="3bad39d9-1b60-7934-ef0b-2e1cfc98195b" executionId="3cd95bb7-0531-43f7-8403-23c495f2552a" testListId="8c84fa94-04c1-424b-9868-57a2d4851a1d" />
    <TestEntry testId="8ccc8e44-7f4f-3e44-c273-57f7ee6f033f" executionId="044721c1-117d-47b3-827a-c684e99e61ec" testListId="8c84fa94-04c1-424b-9868-57a2d4851a1d" />
    <TestEntry testId="dec980b0-c26e-48d8-b474-c2e3c25f5791" executionId="0294621d-7909-4f94-a4ba-97c30d69e756" testListId="8c84fa94-04c1-424b-9868-57a2d4851a1d" />
  </TestEntries>
  <Results>
    <UnitTestResult executionId="3cd95bb7-0531-43f7-8403-23c495f2552a" testId="3bad39d9-1b60-7934-ef0b-2e1cfc98195b" testName="About" computerName="PFROZI-PC" duration="00:00:00.4539060" startTime="2013-11-14T22:49:57.6823599-02:00" endTime="2013-11-14T22:50:03.2566787-02:00" testType="13cdc9d9-ddb5-4fa4-a97d-d965ccfc6d4b" outcome="Passed" testListId="8c84fa94-04c1-424b-9868-57a2d4851a1d" relativeResultsDirectory="3cd95bb7-0531-43f7-8403-23c495f2552a">
    </UnitTestResult>
    <UnitTestResult executionId="044721c1-117d-47b3-827a-c684e99e61ec" testId="8ccc8e44-7f4f-3e44-c273-57f7ee6f033f" testName="TestMethod1" computerName="PFROZI-PC" duration="00:02:35.3278843" startTime="2013-11-14T22:50:03.2946809-02:00" endTime="2013-11-14T22:52:38.6225652-02:00" testType="13cdc9d9-ddb5-4fa4-a97d-d965ccfc6d4b" outcome="Aborted" testListId="8c84fa94-04c1-424b-9868-57a2d4851a1d" relativeResultsDirectory="044721c1-117d-47b3-827a-c684e99e61ec">
    </UnitTestResult>
    <UnitTestResult executionId="0294621d-7909-4f94-a4ba-97c30d69e756" testId="dec980b0-c26e-48d8-b474-c2e3c25f5791" testName="Index" computerName="PFROZI-PC" testType="13cdc9d9-ddb5-4fa4-a97d-d965ccfc6d4b" outcome="NotExecuted" testListId="8c84fa94-04c1-424b-9868-57a2d4851a1d" relativeResultsDirectory="0294621d-7909-4f94-a4ba-97c30d69e756">
    </UnitTestResult>
  </Results>
</TestRun>